[0m13:46:10.370413 [debug] [MainThread]: Sending event: {'category': 'dbt', 'action': 'invocation', 'label': 'start', 'context': [<snowplow_tracker.self_describing_json.SelfDescribingJson object at 0x000001ABC65D6900>, <snowplow_tracker.self_describing_json.SelfDescribingJson object at 0x000001ABC3317610>, <snowplow_tracker.self_describing_json.SelfDescribingJson object at 0x000001ABC79B7ED0>]}


============================== 13:46:10.381729 | 60effa87-af00-4914-93f1-535ba744c61e ==============================
[0m13:46:10.381729 [info ] [MainThread]: Running with dbt=1.11.11
[0m13:46:10.383157 [debug] [MainThread]: running dbt with arguments {'static_parser': 'True', 'no_print': 'None', 'version_check': 'True', 'warn_error_options': 'WarnErrorOptionsV2(error=[], warn=[], silence=[])', 'target_path': 'None', 'printer_width': '80', 'write_json': 'True', 'empty': 'None', 'log_cache_events': 'False', 'introspect': 'True', 'cache_selected_only': 'False', 'log_format': 'default', 'debug': 'False', 'fail_fast': 'False', 'profiles_dir': 'C:\\Users\\HP\\.dbt', 'send_anonymous_usage_stats': 'True', 'quiet': 'False', 'warn_error': 'None', 'partial_parse': 'True', 'indirect_selection': 'eager', 'use_colors': 'True', 'invocation_command': 'dbt init dissertation_pipeline', 'use_experimental_parser': 'False', 'log_path': 'logs'}
[0m13:46:10.452240 [debug] [MainThread]: Starter project path: C:\Users\HP\AppData\Local\Programs\Python\Python313\Lib\site-packages\dbt\include\starter_project
[0m13:46:10.493856 [info ] [MainThread]: 
Your new dbt project "dissertation_pipeline" was created!

For more information on how to configure the profiles.yml file,
please consult the dbt documentation here:

  https://docs.getdbt.com/docs/configure-your-profile

One more thing:

Need help? Don't hesitate to reach out to us via GitHub issues or on Slack:

  https://community.getdbt.com/

Happy modeling!

[0m13:46:10.499664 [info ] [MainThread]: Setting up your profile.
[0m14:14:31.814316 [error] [MainThread]: Encountered an error:

[0m14:14:31.824737 [error] [MainThread]: Traceback (most recent call last):
  File "C:\Users\HP\AppData\Local\Programs\Python\Python313\Lib\site-packages\dbt\cli\requires.py", line 182, in wrapper
    result, success = func(*args, **kwargs)
                      ~~~~^^^^^^^^^^^^^^^^^
  File "C:\Users\HP\AppData\Local\Programs\Python\Python313\Lib\site-packages\dbt\cli\requires.py", line 128, in wrapper
    return func(*args, **kwargs)
  File "C:\Users\HP\AppData\Local\Programs\Python\Python313\Lib\site-packages\dbt\cli\main.py", line 488, in init
    results = task.run()
  File "C:\Users\HP\AppData\Local\Programs\Python\Python313\Lib\site-packages\dbt\task\init.py", line 346, in run
    self.setup_profile(profile_name)
    ~~~~~~~~~~~~~~~~~~^^^^^^^^^^^^^^
  File "C:\Users\HP\AppData\Local\Programs\Python\Python313\Lib\site-packages\dbt\task\init.py", line 262, in setup_profile
    self.create_profile_from_target(adapter, profile_name=profile_name)
    ~~~~~~~~~~~~~~~~~~~~~~~~~~~~~~~^^^^^^^^^^^^^^^^^^^^^^^^^^^^^^^^^^^^
  File "C:\Users\HP\AppData\Local\Programs\Python\Python313\Lib\site-packages\dbt\task\init.py", line 179, in create_profile_from_target
    self.create_profile_from_profile_template(profile_template, profile_name)
    ~~~~~~~~~~~~~~~~~~~~~~~~~~~~~~~~~~~~~~~~~^^^^^^^^^^^^^^^^^^^^^^^^^^^^^^^^
  File "C:\Users\HP\AppData\Local\Programs\Python\Python313\Lib\site-packages\dbt\task\init.py", line 163, in create_profile_from_profile_template
    target = self.generate_target_from_input(prompts, initial_target)
  File "C:\Users\HP\AppData\Local\Programs\Python\Python313\Lib\site-packages\dbt\task\init.py", line 116, in generate_target_from_input
    target = self.generate_target_from_input(
        profile_template_local[key][choice], target
    )
  File "C:\Users\HP\AppData\Local\Programs\Python\Python313\Lib\site-packages\dbt\task\init.py", line 129, in generate_target_from_input
    target[key] = click.prompt(
                  ~~~~~~~~~~~~^
        text, default=default, hide_input=hide_input, type=type
        ^^^^^^^^^^^^^^^^^^^^^^^^^^^^^^^^^^^^^^^^^^^^^^^^^^^^^^^
    )
    ^
  File "C:\Users\HP\AppData\Local\Programs\Python\Python313\Lib\site-packages\click\termui.py", line 218, in prompt
    value = prompt_func(prompt)
  File "C:\Users\HP\AppData\Local\Programs\Python\Python313\Lib\site-packages\click\termui.py", line 201, in prompt_func
    raise Abort() from None
click.exceptions.Abort

[0m14:14:31.828776 [debug] [MainThread]: Command `dbt init` failed at 14:14:31.828381 after 1701.75 seconds
[0m14:14:31.829671 [debug] [MainThread]: Sending event: {'category': 'dbt', 'action': 'invocation', 'label': 'end', 'context': [<snowplow_tracker.self_describing_json.SelfDescribingJson object at 0x000001ABEA1582B0>, <snowplow_tracker.self_describing_json.SelfDescribingJson object at 0x000001ABEA09FE30>, <snowplow_tracker.self_describing_json.SelfDescribingJson object at 0x000001ABEA0859D0>]}
[0m14:14:31.830443 [debug] [MainThread]: Flushing usage events
[0m14:14:32.858054 [debug] [MainThread]: An error was encountered while trying to flush usage events
[0m14:14:41.172190 [debug] [MainThread]: Sending event: {'category': 'dbt', 'action': 'invocation', 'label': 'start', 'context': [<snowplow_tracker.self_describing_json.SelfDescribingJson object at 0x000001EE3B016900>, <snowplow_tracker.self_describing_json.SelfDescribingJson object at 0x000001EE37D07610>, <snowplow_tracker.self_describing_json.SelfDescribingJson object at 0x000001EE3C3F7ED0>]}


============================== 14:14:41.177062 | 0d8ff1b2-4c5d-41c7-b141-81a0fb0e26a4 ==============================
[0m14:14:41.177062 [info ] [MainThread]: Running with dbt=1.11.11
[0m14:14:41.177564 [debug] [MainThread]: running dbt with arguments {'version_check': 'True', 'no_print': 'None', 'static_parser': 'True', 'warn_error_options': 'WarnErrorOptionsV2(error=[], warn=[], silence=[])', 'target_path': 'None', 'printer_width': '80', 'write_json': 'True', 'introspect': 'True', 'log_cache_events': 'False', 'empty': 'None', 'cache_selected_only': 'False', 'log_format': 'default', 'debug': 'False', 'fail_fast': 'False', 'partial_parse': 'True', 'send_anonymous_usage_stats': 'True', 'quiet': 'False', 'warn_error': 'None', 'profiles_dir': 'C:\\Users\\HP\\.dbt', 'invocation_command': 'dbt init dissertation_pipeline', 'use_colors': 'True', 'indirect_selection': 'eager', 'use_experimental_parser': 'False', 'log_path': 'logs'}
[0m14:14:41.189473 [info ] [MainThread]: A project called dissertation_pipeline already exists here.
[0m14:14:41.190177 [debug] [MainThread]: Command `dbt init` succeeded at 14:14:41.190072 after 0.16 seconds
[0m14:14:41.190441 [debug] [MainThread]: Sending event: {'category': 'dbt', 'action': 'invocation', 'label': 'end', 'context': [<snowplow_tracker.self_describing_json.SelfDescribingJson object at 0x000001EE3C4029E0>, <snowplow_tracker.self_describing_json.SelfDescribingJson object at 0x000001EE3D44F0B0>, <snowplow_tracker.self_describing_json.SelfDescribingJson object at 0x000001EE3D4146B0>]}
[0m14:14:41.190703 [debug] [MainThread]: Flushing usage events
[0m14:14:43.480875 [debug] [MainThread]: An error was encountered while trying to flush usage events
